// Jest Snapshot v1, https://goo.gl/fbAQLP

exports[`should render an individual expense 1`] = `
<Link
  className="list-item"
  replace={false}
  to="/edit/1"
>
  <div>
    <h3
      className="list-item__title"
    >
      Order pizza
    </h3>
    <span
      className="list-item__subtitle"
    >
      Added on 
      1st January 1970
    </span>
  </div>
  <h3
    className="list-item__data"
  >
    $195.00
  </h3>
</Link>
`;
