// Jest Snapshot v1, https://goo.gl/fbAQLP

exports[`should render expense dashboard page 1`] = `
<div>
  <h2>
    Expense Dashboard Page
  </h2>
  <Connect(ExpenseFiltersList) />
  <Connect(ExpenseList) />
</div>
`;
