// Jest Snapshot v1, https://goo.gl/fbAQLP

exports[`should render Header correctly 1`] = `
<header>
  <h1>
    Expensify
  </h1>
  <ul>
    <li>
      <NavLink
        activeClassName="navitem-active"
        ariaCurrent="true"
        exact={true}
        to="/dashboard"
      >
        Dashboard
      </NavLink>
    </li>
    <li>
      <NavLink
        activeClassName="navitem-active"
        ariaCurrent="true"
        to="/create"
      >
        Create
      </NavLink>
    </li>
    <li>
      <button
        onClick={[Function]}
      >
        Logout
      </button>
    </li>
  </ul>
</header>
`;
