// Jest Snapshot v1, https://goo.gl/fbAQLP

exports[`should render not found page 1`] = `
<div>
  <h2>
    Page not found
  </h2>
  <p>
    Go to the 
    <Link
      replace={false}
      to="/"
    >
      dashboard
    </Link>
    .
  </p>
</div>
`;
